// Jest Snapshot v1, https://goo.gl/fbAQLP

exports[`<ShareSheet /> renders 1`] = `
<aside
  class="sc-fzoLag lkNioF share-sheet"
  data-testid="share-sheet"
>
  <h3
    class="share-sheet__title"
  >
    Share this article
  </h3>
  <ul
    class="share-sheet__list"
  >
    <li
      class="share-sheet__option"
    >
      <button
        aria-label="facebook"
        class="react-share__ShareButton"
        style="background-color: transparent; padding: 0px; cursor: pointer;"
      >
        <figure
          class="share-sheet__option__icon"
        >
          <svg
            class="sc-fzpans ghxJMG"
            viewBox="0 0 32 32"
            xmlns="http://www.w3.org/2000/svg"
          >
            <title>
              ic_modal_share_facebook
            </title>
            <path
              d="M24.85 4H7.25a3.16 3.16 0 0 0-3.2 3.2v17.5a3.18 3.18 0 0 0 3.2 3.3h8.6v-8.6h-2.2a.47.47 0 0 1-.5-.5v-2.8a.47.47 0 0 1 .5-.5h2.2v-2.7c0-3.1 1.9-4.8 4.7-4.8h2.3a.47.47 0 0 1 .5.5V11a.47.47 0 0 1-.5.5h-1.4c-1.5 0-1.8.7-1.8 1.8v2.3H23a.5.5 0 0 1 .5.6l-.3 2.8a.54.54 0 0 1-.5.5h-3v8.6h5.1a3.16 3.16 0 0 0 3.2-3.2V7.15A3 3 0 0 0 24.85 4"
              fill="#4065b4"
              fill-rule="evenodd"
            />
          </svg>
        </figure>
        <span
          class="share-sheet__option__name"
        >
          Facebook
        </span>
      </button>
    </li>
    <li
      class="share-sheet__option"
    >
      <button
        aria-label="whatsapp"
        class="react-share__ShareButton"
        style="background-color: transparent; padding: 0px; cursor: pointer;"
      >
        <figure
          class="share-sheet__option__icon"
        >
          <svg
            class="sc-fzoLsD gdOvwi"
            viewBox="0 0 32 32"
            xmlns="http://www.w3.org/2000/svg"
          >
            <title>
              ic_modal_share_whatsapp
            </title>
            <path
              d="M23.65 23.5a10.93 10.93 0 0 1-7.6 3.2 11.25 11.25 0 0 1-4.8-1.1l-1-.5-4.25 1 .9-4.4-.5-.9a11.7 11.7 0 0 1-1.1-4.9 10.35 10.35 0 0 1 3.2-7.6 10.93 10.93 0 0 1 7.6-3.2 10.35 10.35 0 0 1 7.6 3.2 10.93 10.93 0 0 1 3.2 7.6 10.93 10.93 0 0 1-3.2 7.6M15.35 2.1a13.9 13.9 0 0 0-13.1 13.8 12.92 12.92 0 0 0 1.5 6.2l-1.5 7.2a.5.5 0 0 0 .6.6l7-1.6a13.15 13.15 0 0 0 5.9 1.4 13.81 13.81 0 1 0-.4-27.6"
              fill="#3ac44d"
              fill-rule="evenodd"
            />
            <path
              d="M22.5 18.8l-2.7-.8a1 1 0 0 0-1 .3l-.7.7a.91.91 0 0 1-1.1.2 13.9 13.9 0 0 1-4.6-4.1.91.91 0 0 1 .1-1.1l.6-.7a.92.92 0 0 0 .1-1l-1.1-2.5a1.06 1.06 0 0 0-1.6-.4A5 5 0 0 0 8.9 12c-.2 1.9.6 4.2 3.6 7.1 3.5 3.3 6.3 3.7 8.1 3.3a4.94 4.94 0 0 0 2.4-2.1 1 1 0 0 0-.5-1.5"
              fill="#fff"
              fill-rule="evenodd"
            />
            <path
              d="M22.5 18.8l-2.7-.8a1 1 0 0 0-1 .3l-.7.7a.91.91 0 0 1-1.1.2 13.9 13.9 0 0 1-4.6-4.1.91.91 0 0 1 .1-1.1l.6-.7a.92.92 0 0 0 .1-1l-1.1-2.5a1.06 1.06 0 0 0-1.6-.4A5 5 0 0 0 8.9 12c-.2 1.9.6 4.2 3.6 7.1 3.5 3.3 6.3 3.7 8.1 3.3a4.94 4.94 0 0 0 2.4-2.1 1 1 0 0 0-.5-1.5"
              fill="#3ac44d"
              fill-rule="evenodd"
            />
          </svg>
        </figure>
        <span
          class="share-sheet__option__name"
        >
          Whatsapp
        </span>
      </button>
    </li>
    <li
      class="share-sheet__option"
    >
      <button
        aria-label="twitter"
        class="react-share__ShareButton"
        style="background-color: transparent; padding: 0px; cursor: pointer;"
      >
        <figure
          class="share-sheet__option__icon"
        >
          <svg
            class="sc-fznyAO cqRDXz"
            viewBox="0 0 32 32"
            xmlns="http://www.w3.org/2000/svg"
          >
            <title>
              ic_modal_share_twitter
            </title>
            <path
              d="M28.34 7.6a6.36 6.36 0 0 1-1.8.6A6.08 6.08 0 0 0 28 5.8c.1-.3-.2-.5-.4-.3a9 9 0 0 1-2.7 1.1h-.2c-.2 0-.3-.1-.5-.2A5.49 5.49 0 0 0 20.54 5a5.66 5.66 0 0 0-1.8.3 5.41 5.41 0 0 0-3.6 4 14.77 14.77 0 0 0-.1 2.1c0 .1 0 .1-.1.2a.35.35 0 0 1-.2.1 14.47 14.47 0 0 1-10-5.5c0-.2-.2-.1-.4 0a7.27 7.27 0 0 0-.7 2.9 5.44 5.44 0 0 0 1.7 4A6.94 6.94 0 0 1 4 12.6c-.2-.1-.4 0-.4.3a5.72 5.72 0 0 0 3.2 5.2h-.1a2.77 2.77 0 0 1-.9-.1c-.2 0-.4.2-.3.4a5.67 5.67 0 0 0 4.4 3.9 9.88 9.88 0 0 1-5.7 1.8h-.6c-.2 0-.4.1-.4.3s0 .4.2.5A14.77 14.77 0 0 0 11 27a15.8 15.8 0 0 0 6.5-1.4 15.48 15.48 0 0 0 4.8-3.7 15.61 15.61 0 0 0 2.9-5 15.25 15.25 0 0 0 1-5.5v-.1a.91.91 0 0 1 .4-.8 25.73 25.73 0 0 0 2.1-2.4c.1-.3-.1-.6-.4-.5"
              fill="#079ff6"
              fill-rule="evenodd"
            />
          </svg>
        </figure>
        <span
          class="share-sheet__option__name"
        >
          Twitter
        </span>
      </button>
    </li>
    <li
      class="share-sheet__option"
    >
      <button
        class="SocialMediaShareButton"
        type="button"
      >
        <figure
          class="share-sheet__option__icon"
        >
          <svg
            class="sc-fzplWN gousWg"
            viewBox="0 0 32 32"
            xmlns="http://www.w3.org/2000/svg"
          >
            <title>
              ic_modal_share_sms
            </title>
            <path
              d="M16 28a14.3 14.3 0 0 1-6.6-1.6c-.5.4-2.9 2.2-5.2 1.4a5.24 5.24 0 0 0 1.6-4.2 11.18 11.18 0 0 1-3-7.6C2.8 9.4 8.7 4 16 4s13.2 5.4 13.2 12S23.3 28 16 28"
              fill="#3ac44d"
              fill-rule="evenodd"
            />
          </svg>
        </figure>
        <span
          class="share-sheet__option__name"
        >
          SMS
        </span>
      </button>
    </li>
  </ul>
</aside>
`;
